Archive member included because of file (symbol)

f:/imt/embedded avr diploma/avr-ide/imt_sdk_win_64/winavr/bin/../lib/gcc/avr/4.3.3/avr5\libgcc.a(_mulsi3.o)
                              ./App/main.o (__mulsi3)
f:/imt/embedded avr diploma/avr-ide/imt_sdk_win_64/winavr/bin/../lib/gcc/avr/4.3.3/avr5\libgcc.a(_udivmodhi4.o)
                              ./MCAL/Timer_V2/Timer_prg.o (__udivmodhi4)
f:/imt/embedded avr diploma/avr-ide/imt_sdk_win_64/winavr/bin/../lib/gcc/avr/4.3.3/avr5\libgcc.a(_udivmodsi4.o)
                              ./HAL/LCD_Handler/LCD_Prg.o (__udivmodsi4)
f:/imt/embedded avr diploma/avr-ide/imt_sdk_win_64/winavr/bin/../lib/gcc/avr/4.3.3/avr5\libgcc.a(_exit.o)
                              f:/imt/embedded avr diploma/avr-ide/imt_sdk_win_64/winavr/bin/../lib/gcc/avr/4.3.3/../../../../avr/lib/avr5/crtm32.o (exit)
f:/imt/embedded avr diploma/avr-ide/imt_sdk_win_64/winavr/bin/../lib/gcc/avr/4.3.3/avr5\libgcc.a(_clear_bss.o)
                              ./MCAL/Timer_V2/Timer_prg.o (__do_clear_bss)
f:/imt/embedded avr diploma/avr-ide/imt_sdk_win_64/winavr/bin/../lib/gcc/avr/4.3.3/avr5\libgcc.a(_fixunssfsi.o)
                              ./HAL/LCD_Handler/LCD_Prg.o (__fixunssfsi)
f:/imt/embedded avr diploma/avr-ide/imt_sdk_win_64/winavr/bin/../lib/gcc/avr/4.3.3/avr5\libgcc.a(_addsub_sf.o)
                              f:/imt/embedded avr diploma/avr-ide/imt_sdk_win_64/winavr/bin/../lib/gcc/avr/4.3.3/avr5\libgcc.a(_fixunssfsi.o) (__subsf3)
f:/imt/embedded avr diploma/avr-ide/imt_sdk_win_64/winavr/bin/../lib/gcc/avr/4.3.3/avr5\libgcc.a(_mul_sf.o)
                              ./HAL/LCD_Handler/LCD_Prg.o (__mulsf3)
f:/imt/embedded avr diploma/avr-ide/imt_sdk_win_64/winavr/bin/../lib/gcc/avr/4.3.3/avr5\libgcc.a(_div_sf.o)
                              ./MCAL/Timer_V2/Timer_prg.o (__divsf3)
f:/imt/embedded avr diploma/avr-ide/imt_sdk_win_64/winavr/bin/../lib/gcc/avr/4.3.3/avr5\libgcc.a(_gt_sf.o)
                              ./HAL/LCD_Handler/LCD_Prg.o (__gtsf2)
f:/imt/embedded avr diploma/avr-ide/imt_sdk_win_64/winavr/bin/../lib/gcc/avr/4.3.3/avr5\libgcc.a(_ge_sf.o)
                              f:/imt/embedded avr diploma/avr-ide/imt_sdk_win_64/winavr/bin/../lib/gcc/avr/4.3.3/avr5\libgcc.a(_fixunssfsi.o) (__gesf2)
f:/imt/embedded avr diploma/avr-ide/imt_sdk_win_64/winavr/bin/../lib/gcc/avr/4.3.3/avr5\libgcc.a(_lt_sf.o)
                              ./MCAL/Timer_V2/Timer_prg.o (__ltsf2)
f:/imt/embedded avr diploma/avr-ide/imt_sdk_win_64/winavr/bin/../lib/gcc/avr/4.3.3/avr5\libgcc.a(_sf_to_si.o)
                              f:/imt/embedded avr diploma/avr-ide/imt_sdk_win_64/winavr/bin/../lib/gcc/avr/4.3.3/avr5\libgcc.a(_fixunssfsi.o) (__fixsfsi)
f:/imt/embedded avr diploma/avr-ide/imt_sdk_win_64/winavr/bin/../lib/gcc/avr/4.3.3/avr5\libgcc.a(_thenan_sf.o)
                              f:/imt/embedded avr diploma/avr-ide/imt_sdk_win_64/winavr/bin/../lib/gcc/avr/4.3.3/avr5\libgcc.a(_addsub_sf.o) (__thenan_sf)
f:/imt/embedded avr diploma/avr-ide/imt_sdk_win_64/winavr/bin/../lib/gcc/avr/4.3.3/avr5\libgcc.a(_usi_to_sf.o)
                              ./MCAL/Timer_V2/Timer_prg.o (__floatunsisf)
f:/imt/embedded avr diploma/avr-ide/imt_sdk_win_64/winavr/bin/../lib/gcc/avr/4.3.3/avr5\libgcc.a(_prologue.o)
                              f:/imt/embedded avr diploma/avr-ide/imt_sdk_win_64/winavr/bin/../lib/gcc/avr/4.3.3/avr5\libgcc.a(_addsub_sf.o) (__prologue_saves__)
f:/imt/embedded avr diploma/avr-ide/imt_sdk_win_64/winavr/bin/../lib/gcc/avr/4.3.3/avr5\libgcc.a(_epilogue.o)
                              f:/imt/embedded avr diploma/avr-ide/imt_sdk_win_64/winavr/bin/../lib/gcc/avr/4.3.3/avr5\libgcc.a(_addsub_sf.o) (__epilogue_restores__)
f:/imt/embedded avr diploma/avr-ide/imt_sdk_win_64/winavr/bin/../lib/gcc/avr/4.3.3/avr5\libgcc.a(_copy_data.o)
                              f:/imt/embedded avr diploma/avr-ide/imt_sdk_win_64/winavr/bin/../lib/gcc/avr/4.3.3/avr5\libgcc.a(_thenan_sf.o) (__do_copy_data)
f:/imt/embedded avr diploma/avr-ide/imt_sdk_win_64/winavr/bin/../lib/gcc/avr/4.3.3/avr5\libgcc.a(_clzsi2.o)
                              f:/imt/embedded avr diploma/avr-ide/imt_sdk_win_64/winavr/bin/../lib/gcc/avr/4.3.3/avr5\libgcc.a(_usi_to_sf.o) (__clzsi2)
f:/imt/embedded avr diploma/avr-ide/imt_sdk_win_64/winavr/bin/../lib/gcc/avr/4.3.3/avr5\libgcc.a(_pack_sf.o)
                              f:/imt/embedded avr diploma/avr-ide/imt_sdk_win_64/winavr/bin/../lib/gcc/avr/4.3.3/avr5\libgcc.a(_addsub_sf.o) (__pack_f)
f:/imt/embedded avr diploma/avr-ide/imt_sdk_win_64/winavr/bin/../lib/gcc/avr/4.3.3/avr5\libgcc.a(_unpack_sf.o)
                              f:/imt/embedded avr diploma/avr-ide/imt_sdk_win_64/winavr/bin/../lib/gcc/avr/4.3.3/avr5\libgcc.a(_addsub_sf.o) (__unpack_f)
f:/imt/embedded avr diploma/avr-ide/imt_sdk_win_64/winavr/bin/../lib/gcc/avr/4.3.3/avr5\libgcc.a(_fpcmp_parts_sf.o)
                              f:/imt/embedded avr diploma/avr-ide/imt_sdk_win_64/winavr/bin/../lib/gcc/avr/4.3.3/avr5\libgcc.a(_gt_sf.o) (__fpcmp_parts_f)
f:/imt/embedded avr diploma/avr-ide/imt_sdk_win_64/winavr/bin/../lib/gcc/avr/4.3.3/avr5\libgcc.a(_clz.o)
                              f:/imt/embedded avr diploma/avr-ide/imt_sdk_win_64/winavr/bin/../lib/gcc/avr/4.3.3/avr5\libgcc.a(_clzsi2.o) (__clz_tab)

Allocating common symbols
Common symbol       size              file

TIMER_ISR           0x2               ./MCAL/Timer_V2/Timer_prg.o

Memory Configuration

Name             Origin             Length             Attributes
text             0x00000000         0x00020000         xr
data             0x00800060         0x0000ffa0         rw !x
eeprom           0x00810000         0x00010000         rw !x
fuse             0x00820000         0x00000400         rw !x
lock             0x00830000         0x00000400         rw !x
signature        0x00840000         0x00000400         rw !x
*default*        0x00000000         0xffffffff

Linker script and memory map

LOAD f:/imt/embedded avr diploma/avr-ide/imt_sdk_win_64/winavr/bin/../lib/gcc/avr/4.3.3/../../../../avr/lib/avr5/crtm32.o
LOAD ./MCAL/Timer_V2/Timer_prg.o
LOAD ./MCAL/DIO_V1/DIO_Prg.o
LOAD ./MCAL/ADC_V1/ADC_Prg.o
LOAD ./HAL/Motor_Driver/Motor_prg.o
LOAD ./HAL/LCD_Handler/LCD_Prg.o
LOAD ./App/main.o
LOAD f:/imt/embedded avr diploma/avr-ide/imt_sdk_win_64/winavr/bin/../lib/gcc/avr/4.3.3/avr5\libgcc.a
LOAD f:/imt/embedded avr diploma/avr-ide/imt_sdk_win_64/winavr/bin/../lib/gcc/avr/4.3.3/../../../../avr/lib/avr5\libc.a
LOAD f:/imt/embedded avr diploma/avr-ide/imt_sdk_win_64/winavr/bin/../lib/gcc/avr/4.3.3/avr5\libgcc.a

.hash
 *(.hash)

.dynsym
 *(.dynsym)

.dynstr
 *(.dynstr)

.gnu.version
 *(.gnu.version)

.gnu.version_d
 *(.gnu.version_d)

.gnu.version_r
 *(.gnu.version_r)

.rel.init
 *(.rel.init)

.rela.init
 *(.rela.init)

.rel.text
 *(.rel.text)
 *(.rel.text.*)
 *(.rel.gnu.linkonce.t*)

.rela.text
 *(.rela.text)
 *(.rela.text.*)
 *(.rela.gnu.linkonce.t*)

.rel.fini
 *(.rel.fini)

.rela.fini
 *(.rela.fini)

.rel.rodata
 *(.rel.rodata)
 *(.rel.rodata.*)
 *(.rel.gnu.linkonce.r*)

.rela.rodata
 *(.rela.rodata)
 *(.rela.rodata.*)
 *(.rela.gnu.linkonce.r*)

.rel.data
 *(.rel.data)
 *(.rel.data.*)
 *(.rel.gnu.linkonce.d*)

.rela.data
 *(.rela.data)
 *(.rela.data.*)
 *(.rela.gnu.linkonce.d*)

.rel.ctors
 *(.rel.ctors)

.rela.ctors
 *(.rela.ctors)

.rel.dtors
 *(.rel.dtors)

.rela.dtors
 *(.rela.dtors)

.rel.got
 *(.rel.got)

.rela.got
 *(.rela.got)

.rel.bss
 *(.rel.bss)

.rela.bss
 *(.rela.bss)

.rel.plt
 *(.rel.plt)

.rela.plt
 *(.rela.plt)

.text           0x00000000     0x449c
 *(.vectors)
 .vectors       0x00000000       0x54 f:/imt/embedded avr diploma/avr-ide/imt_sdk_win_64/winavr/bin/../lib/gcc/avr/4.3.3/../../../../avr/lib/avr5/crtm32.o
                0x00000000                __vectors
                0x00000000                __vector_default
 *(.vectors)
 *(.progmem.gcc*)
 *(.progmem*)
                0x00000054                . = ALIGN (0x2)
                0x00000054                __trampolines_start = .
 *(.trampolines)
 .trampolines   0x00000054        0x0 linker stubs
 *(.trampolines*)
                0x00000054                __trampolines_end = .
 *(.jumptables)
 *(.jumptables*)
 *(.lowtext)
 *(.lowtext*)
                0x00000054                __ctors_start = .
 *(.ctors)
                0x00000054                __ctors_end = .
                0x00000054                __dtors_start = .
 *(.dtors)
                0x00000054                __dtors_end = .
 SORT(*)(.ctors)
 SORT(*)(.dtors)
 *(.init0)
 .init0         0x00000054        0x0 f:/imt/embedded avr diploma/avr-ide/imt_sdk_win_64/winavr/bin/../lib/gcc/avr/4.3.3/../../../../avr/lib/avr5/crtm32.o
                0x00000054                __init
 *(.init0)
 *(.init1)
 *(.init1)
 *(.init2)
 .init2         0x00000054        0xc f:/imt/embedded avr diploma/avr-ide/imt_sdk_win_64/winavr/bin/../lib/gcc/avr/4.3.3/../../../../avr/lib/avr5/crtm32.o
 *(.init2)
 *(.init3)
 *(.init3)
 *(.init4)
 .init4         0x00000060       0x10 f:/imt/embedded avr diploma/avr-ide/imt_sdk_win_64/winavr/bin/../lib/gcc/avr/4.3.3/avr5\libgcc.a(_clear_bss.o)
                0x00000060                __do_clear_bss
 .init4         0x00000070       0x16 f:/imt/embedded avr diploma/avr-ide/imt_sdk_win_64/winavr/bin/../lib/gcc/avr/4.3.3/avr5\libgcc.a(_copy_data.o)
                0x00000070                __do_copy_data
 *(.init4)
 *(.init5)
 *(.init5)
 *(.init6)
 *(.init6)
 *(.init7)
 *(.init7)
 *(.init8)
 *(.init8)
 *(.init9)
 .init9         0x00000086        0x8 f:/imt/embedded avr diploma/avr-ide/imt_sdk_win_64/winavr/bin/../lib/gcc/avr/4.3.3/../../../../avr/lib/avr5/crtm32.o
 *(.init9)
 *(.text)
 .text          0x0000008e        0x4 f:/imt/embedded avr diploma/avr-ide/imt_sdk_win_64/winavr/bin/../lib/gcc/avr/4.3.3/../../../../avr/lib/avr5/crtm32.o
                0x0000008e                __vector_1
                0x0000008e                __vector_12
                0x0000008e                __bad_interrupt
                0x0000008e                __vector_3
                0x0000008e                __vector_13
                0x0000008e                __vector_17
                0x0000008e                __vector_19
                0x0000008e                __vector_2
                0x0000008e                __vector_15
                0x0000008e                __vector_14
                0x0000008e                __vector_16
                0x0000008e                __vector_18
                0x0000008e                __vector_20
 .text          0x00000092        0x0 ./MCAL/Timer_V2/Timer_prg.o
 .text          0x00000092        0x0 ./MCAL/DIO_V1/DIO_Prg.o
 .text          0x00000092        0x0 ./MCAL/ADC_V1/ADC_Prg.o
 .text          0x00000092        0x0 ./HAL/Motor_Driver/Motor_prg.o
 .text          0x00000092        0x0 ./HAL/LCD_Handler/LCD_Prg.o
 .text          0x00000092        0x0 ./App/main.o
 .text          0x00000092        0x0 f:/imt/embedded avr diploma/avr-ide/imt_sdk_win_64/winavr/bin/../lib/gcc/avr/4.3.3/avr5\libgcc.a(_mulsi3.o)
 .text          0x00000092        0x0 f:/imt/embedded avr diploma/avr-ide/imt_sdk_win_64/winavr/bin/../lib/gcc/avr/4.3.3/avr5\libgcc.a(_udivmodhi4.o)
 .text          0x00000092        0x0 f:/imt/embedded avr diploma/avr-ide/imt_sdk_win_64/winavr/bin/../lib/gcc/avr/4.3.3/avr5\libgcc.a(_udivmodsi4.o)
 .text          0x00000092        0x0 f:/imt/embedded avr diploma/avr-ide/imt_sdk_win_64/winavr/bin/../lib/gcc/avr/4.3.3/avr5\libgcc.a(_exit.o)
 .text          0x00000092        0x0 f:/imt/embedded avr diploma/avr-ide/imt_sdk_win_64/winavr/bin/../lib/gcc/avr/4.3.3/avr5\libgcc.a(_clear_bss.o)
 .text          0x00000092       0x58 f:/imt/embedded avr diploma/avr-ide/imt_sdk_win_64/winavr/bin/../lib/gcc/avr/4.3.3/avr5\libgcc.a(_fixunssfsi.o)
                0x00000092                __fixunssfsi
 .text          0x000000ea      0x354 f:/imt/embedded avr diploma/avr-ide/imt_sdk_win_64/winavr/bin/../lib/gcc/avr/4.3.3/avr5\libgcc.a(_addsub_sf.o)
                0x00000382                __subsf3
                0x000003e4                __addsf3
 .text          0x0000043e      0x1f4 f:/imt/embedded avr diploma/avr-ide/imt_sdk_win_64/winavr/bin/../lib/gcc/avr/4.3.3/avr5\libgcc.a(_mul_sf.o)
                0x0000043e                __mulsf3
 .text          0x00000632      0x158 f:/imt/embedded avr diploma/avr-ide/imt_sdk_win_64/winavr/bin/../lib/gcc/avr/4.3.3/avr5\libgcc.a(_div_sf.o)
                0x00000632                __divsf3
 .text          0x0000078a       0x60 f:/imt/embedded avr diploma/avr-ide/imt_sdk_win_64/winavr/bin/../lib/gcc/avr/4.3.3/avr5\libgcc.a(_gt_sf.o)
                0x0000078a                __gtsf2
 .text          0x000007ea       0x60 f:/imt/embedded avr diploma/avr-ide/imt_sdk_win_64/winavr/bin/../lib/gcc/avr/4.3.3/avr5\libgcc.a(_ge_sf.o)
                0x000007ea                __gesf2
 .text          0x0000084a       0x60 f:/imt/embedded avr diploma/avr-ide/imt_sdk_win_64/winavr/bin/../lib/gcc/avr/4.3.3/avr5\libgcc.a(_lt_sf.o)
                0x0000084a                __ltsf2
 .text          0x000008aa       0xa8 f:/imt/embedded avr diploma/avr-ide/imt_sdk_win_64/winavr/bin/../lib/gcc/avr/4.3.3/avr5\libgcc.a(_sf_to_si.o)
                0x000008aa                __fixsfsi
 .text          0x00000952        0x0 f:/imt/embedded avr diploma/avr-ide/imt_sdk_win_64/winavr/bin/../lib/gcc/avr/4.3.3/avr5\libgcc.a(_thenan_sf.o)
 .text          0x00000952       0xf2 f:/imt/embedded avr diploma/avr-ide/imt_sdk_win_64/winavr/bin/../lib/gcc/avr/4.3.3/avr5\libgcc.a(_usi_to_sf.o)
                0x00000952                __floatunsisf
 .text          0x00000a44        0x0 f:/imt/embedded avr diploma/avr-ide/imt_sdk_win_64/winavr/bin/../lib/gcc/avr/4.3.3/avr5\libgcc.a(_prologue.o)
 .text          0x00000a44        0x0 f:/imt/embedded avr diploma/avr-ide/imt_sdk_win_64/winavr/bin/../lib/gcc/avr/4.3.3/avr5\libgcc.a(_epilogue.o)
 .text          0x00000a44        0x0 f:/imt/embedded avr diploma/avr-ide/imt_sdk_win_64/winavr/bin/../lib/gcc/avr/4.3.3/avr5\libgcc.a(_copy_data.o)
 .text          0x00000a44       0x9e f:/imt/embedded avr diploma/avr-ide/imt_sdk_win_64/winavr/bin/../lib/gcc/avr/4.3.3/avr5\libgcc.a(_clzsi2.o)
                0x00000a44                __clzsi2
 .text          0x00000ae2      0x1aa f:/imt/embedded avr diploma/avr-ide/imt_sdk_win_64/winavr/bin/../lib/gcc/avr/4.3.3/avr5\libgcc.a(_pack_sf.o)
                0x00000ae2                __pack_f
 .text          0x00000c8c       0xf0 f:/imt/embedded avr diploma/avr-ide/imt_sdk_win_64/winavr/bin/../lib/gcc/avr/4.3.3/avr5\libgcc.a(_unpack_sf.o)
                0x00000c8c                __unpack_f
 .text          0x00000d7c       0xb2 f:/imt/embedded avr diploma/avr-ide/imt_sdk_win_64/winavr/bin/../lib/gcc/avr/4.3.3/avr5\libgcc.a(_fpcmp_parts_sf.o)
                0x00000d7c                __fpcmp_parts_f
 .text          0x00000e2e        0x0 f:/imt/embedded avr diploma/avr-ide/imt_sdk_win_64/winavr/bin/../lib/gcc/avr/4.3.3/avr5\libgcc.a(_clz.o)
                0x00000e2e                . = ALIGN (0x2)
 *(.text.*)
 .text.Set_CallBack_TIMER_0_OVF_INT
                0x00000e2e       0x30 ./MCAL/Timer_V2/Timer_prg.o
                0x00000e2e                Set_CallBack_TIMER_0_OVF_INT
 .text.__vector_11
                0x00000e5e       0x70 ./MCAL/Timer_V2/Timer_prg.o
                0x00000e5e                __vector_11
 .text.Set_CallBack_TIMER_0_OC_INT
                0x00000ece       0x30 ./MCAL/Timer_V2/Timer_prg.o
                0x00000ece                Set_CallBack_TIMER_0_OC_INT
 .text.__vector_10
                0x00000efe       0x70 ./MCAL/Timer_V2/Timer_prg.o
                0x00000efe                __vector_10
 .text.Set_CallBack_TIMER_1_OVF_INT
                0x00000f6e       0x30 ./MCAL/Timer_V2/Timer_prg.o
                0x00000f6e                Set_CallBack_TIMER_1_OVF_INT
 .text.__vector_9
                0x00000f9e       0x70 ./MCAL/Timer_V2/Timer_prg.o
                0x00000f9e                __vector_9
 .text.Set_CallBack_TIMER_1_OCA_INT
                0x0000100e       0x30 ./MCAL/Timer_V2/Timer_prg.o
                0x0000100e                Set_CallBack_TIMER_1_OCA_INT
 .text.__vector_7
                0x0000103e       0x70 ./MCAL/Timer_V2/Timer_prg.o
                0x0000103e                __vector_7
 .text.Set_CallBack_TIMER_1_OCB_INT
                0x000010ae       0x30 ./MCAL/Timer_V2/Timer_prg.o
                0x000010ae                Set_CallBack_TIMER_1_OCB_INT
 .text.__vector_8
                0x000010de       0x70 ./MCAL/Timer_V2/Timer_prg.o
                0x000010de                __vector_8
 .text.Set_CallBack_TIMER_1_CAPT_INT
                0x0000114e       0x30 ./MCAL/Timer_V2/Timer_prg.o
                0x0000114e                Set_CallBack_TIMER_1_CAPT_INT
 .text.__vector_6
                0x0000117e       0x70 ./MCAL/Timer_V2/Timer_prg.o
                0x0000117e                __vector_6
 .text.Set_CallBack_TIMER_2_OVF_INT
                0x000011ee       0x30 ./MCAL/Timer_V2/Timer_prg.o
                0x000011ee                Set_CallBack_TIMER_2_OVF_INT
 .text.__vector_5
                0x0000121e       0x70 ./MCAL/Timer_V2/Timer_prg.o
                0x0000121e                __vector_5
 .text.Set_CallBack_TIMER_2_OC_INT
                0x0000128e       0x30 ./MCAL/Timer_V2/Timer_prg.o
                0x0000128e                Set_CallBack_TIMER_2_OC_INT
 .text.__vector_4
                0x000012be       0x70 ./MCAL/Timer_V2/Timer_prg.o
                0x000012be                __vector_4
 .text.Timer_init
                0x0000132e      0x234 ./MCAL/Timer_V2/Timer_prg.o
                0x0000132e                Timer_init
 .text.change_compared_and_duty_value
                0x00001562       0x98 ./MCAL/Timer_V2/Timer_prg.o
                0x00001562                change_compared_and_duty_value
 .text.Timer_DeInit
                0x000015fa       0xee ./MCAL/Timer_V2/Timer_prg.o
                0x000015fa                Timer_DeInit
 .text.clear_timer
                0x000016e8       0x86 ./MCAL/Timer_V2/Timer_prg.o
                0x000016e8                clear_timer
 .text.PWM_timers_init
                0x0000176e      0x2e4 ./MCAL/Timer_V2/Timer_prg.o
                0x0000176e                PWM_timers_init
 .text.Global_VidINTEnable
                0x00001a52       0x1c ./MCAL/Timer_V2/Timer_prg.o
                0x00001a52                Global_VidINTEnable
 .text.Global_VidINTDisable
                0x00001a6e       0x1c ./MCAL/Timer_V2/Timer_prg.o
                0x00001a6e                Global_VidINTDisable
 .text.Delay_voidBasyWaitMS
                0x00001a8a       0xe4 ./MCAL/Timer_V2/Timer_prg.o
                0x00001a8a                Delay_voidBasyWaitMS
 .text.DIO_u8setPortDirection
                0x00001b6e       0x90 ./MCAL/DIO_V1/DIO_Prg.o
                0x00001b6e                DIO_u8setPortDirection
 .text.DIO_u8setPortValue
                0x00001bfe       0x90 ./MCAL/DIO_V1/DIO_Prg.o
                0x00001bfe                DIO_u8setPortValue
 .text.DIO_u8getPortValue
                0x00001c8e       0xb4 ./MCAL/DIO_V1/DIO_Prg.o
                0x00001c8e                DIO_u8getPortValue
 .text.DIO_u8setPinDirection
                0x00001d42      0x256 ./MCAL/DIO_V1/DIO_Prg.o
                0x00001d42                DIO_u8setPinDirection
 .text.DIO_u8setPinValue
                0x00001f98      0x256 ./MCAL/DIO_V1/DIO_Prg.o
                0x00001f98                DIO_u8setPinValue
 .text.DIO_u8togglePinValue
                0x000021ee      0x128 ./MCAL/DIO_V1/DIO_Prg.o
                0x000021ee                DIO_u8togglePinValue
 .text.DIO_u8getPinValue
                0x00002316      0x136 ./MCAL/DIO_V1/DIO_Prg.o
                0x00002316                DIO_u8getPinValue
 .text.ADC_Init
                0x0000244c       0x70 ./MCAL/ADC_V1/ADC_Prg.o
                0x0000244c                ADC_Init
 .text.ADC_u16Channelread
                0x000024bc       0x6c ./MCAL/ADC_V1/ADC_Prg.o
                0x000024bc                ADC_u16Channelread
 .text.Motor_voidInit
                0x00002528       0x22 ./HAL/Motor_Driver/Motor_prg.o
                0x00002528                Motor_voidInit
 .text.Motor_voidFoward
                0x0000254a       0x22 ./HAL/Motor_Driver/Motor_prg.o
                0x0000254a                Motor_voidFoward
 .text.Motor_voidBackward
                0x0000256c       0x22 ./HAL/Motor_Driver/Motor_prg.o
                0x0000256c                Motor_voidBackward
 .text.Motor_voidLeftDir
                0x0000258e       0x22 ./HAL/Motor_Driver/Motor_prg.o
                0x0000258e                Motor_voidLeftDir
 .text.Motor_voidRigthDir
                0x000025b0       0x22 ./HAL/Motor_Driver/Motor_prg.o
                0x000025b0                Motor_voidRigthDir
 .text.Motor_voidStop
                0x000025d2       0x22 ./HAL/Motor_Driver/Motor_prg.o
                0x000025d2                Motor_voidStop
 .text.LCD_4_BitvidInit
                0x000025f4      0x412 ./HAL/LCD_Handler/LCD_Prg.o
                0x000025f4                LCD_4_BitvidInit
 .text.LCD_4_BitvidsendCommand
                0x00002a06      0x432 ./HAL/LCD_Handler/LCD_Prg.o
                0x00002a06                LCD_4_BitvidsendCommand
 .text.LCD_4_BitvidwriteCharacter
                0x00002e38      0x432 ./HAL/LCD_Handler/LCD_Prg.o
                0x00002e38                LCD_4_BitvidwriteCharacter
 .text.LCD_8_BitvidInit
                0x0000326a      0x3f4 ./HAL/LCD_Handler/LCD_Prg.o
                0x0000326a                LCD_8_BitvidInit
 .text.LCD_8_BitvidsendCommand
                0x0000365e      0x220 ./HAL/LCD_Handler/LCD_Prg.o
                0x0000365e                LCD_8_BitvidsendCommand
 .text.LCD_8_BitvidwriteCharacter
                0x0000387e      0x220 ./HAL/LCD_Handler/LCD_Prg.o
                0x0000387e                LCD_8_BitvidwriteCharacter
 .text.LCD_8_BitvidreadCharacter
                0x00003a9e      0x220 ./HAL/LCD_Handler/LCD_Prg.o
                0x00003a9e                LCD_8_BitvidreadCharacter
 .text.LCD_8_BitvidwriteString
                0x00003cbe       0x5a ./HAL/LCD_Handler/LCD_Prg.o
                0x00003cbe                LCD_8_BitvidwriteString
 .text.LCD_8_BitvidGoToXY
                0x00003d18       0x3c ./HAL/LCD_Handler/LCD_Prg.o
                0x00003d18                LCD_8_BitvidGoToXY
 .text.LCD_8_BitvidwriteSpecialCharacter
                0x00003d54       0x82 ./HAL/LCD_Handler/LCD_Prg.o
                0x00003d54                LCD_8_BitvidwriteSpecialCharacter
 .text.LCD_8_BitvidwriteInt
                0x00003dd6       0xfa ./HAL/LCD_Handler/LCD_Prg.o
                0x00003dd6                LCD_8_BitvidwriteInt
 .text.map      0x00003ed0       0xe2 ./App/main.o
                0x00003ed0                map
 .text.main     0x00003fb2      0x3ce ./App/main.o
                0x00003fb2                main
 .text.libgcc   0x00004380       0x3e f:/imt/embedded avr diploma/avr-ide/imt_sdk_win_64/winavr/bin/../lib/gcc/avr/4.3.3/avr5\libgcc.a(_mulsi3.o)
                0x00004380                __mulsi3
 .text.libgcc   0x000043be       0x28 f:/imt/embedded avr diploma/avr-ide/imt_sdk_win_64/winavr/bin/../lib/gcc/avr/4.3.3/avr5\libgcc.a(_udivmodhi4.o)
                0x000043be                __udivmodhi4
 .text.libgcc   0x000043e6       0x44 f:/imt/embedded avr diploma/avr-ide/imt_sdk_win_64/winavr/bin/../lib/gcc/avr/4.3.3/avr5\libgcc.a(_udivmodsi4.o)
                0x000043e6                __udivmodsi4
 .text.libgcc   0x0000442a        0x0 f:/imt/embedded avr diploma/avr-ide/imt_sdk_win_64/winavr/bin/../lib/gcc/avr/4.3.3/avr5\libgcc.a(_exit.o)
 .text.libgcc   0x0000442a        0x0 f:/imt/embedded avr diploma/avr-ide/imt_sdk_win_64/winavr/bin/../lib/gcc/avr/4.3.3/avr5\libgcc.a(_clear_bss.o)
 .text.libgcc   0x0000442a       0x38 f:/imt/embedded avr diploma/avr-ide/imt_sdk_win_64/winavr/bin/../lib/gcc/avr/4.3.3/avr5\libgcc.a(_prologue.o)
                0x0000442a                __prologue_saves__
 .text.libgcc   0x00004462       0x36 f:/imt/embedded avr diploma/avr-ide/imt_sdk_win_64/winavr/bin/../lib/gcc/avr/4.3.3/avr5\libgcc.a(_epilogue.o)
                0x00004462                __epilogue_restores__
 .text.libgcc   0x00004498        0x0 f:/imt/embedded avr diploma/avr-ide/imt_sdk_win_64/winavr/bin/../lib/gcc/avr/4.3.3/avr5\libgcc.a(_copy_data.o)
                0x00004498                . = ALIGN (0x2)
 *(.fini9)
 .fini9         0x00004498        0x0 f:/imt/embedded avr diploma/avr-ide/imt_sdk_win_64/winavr/bin/../lib/gcc/avr/4.3.3/avr5\libgcc.a(_exit.o)
                0x00004498                exit
                0x00004498                _exit
 *(.fini9)
 *(.fini8)
 *(.fini8)
 *(.fini7)
 *(.fini7)
 *(.fini6)
 *(.fini6)
 *(.fini5)
 *(.fini5)
 *(.fini4)
 *(.fini4)
 *(.fini3)
 *(.fini3)
 *(.fini2)
 *(.fini2)
 *(.fini1)
 *(.fini1)
 *(.fini0)
 .fini0         0x00004498        0x4 f:/imt/embedded avr diploma/avr-ide/imt_sdk_win_64/winavr/bin/../lib/gcc/avr/4.3.3/avr5\libgcc.a(_exit.o)
 *(.fini0)
                0x0000449c                _etext = .

.data           0x00800060      0x108 load address 0x0000449c
                0x00800060                PROVIDE (__data_start, .)
 *(.data)
 .data          0x00800060        0x0 f:/imt/embedded avr diploma/avr-ide/imt_sdk_win_64/winavr/bin/../lib/gcc/avr/4.3.3/../../../../avr/lib/avr5/crtm32.o
 .data          0x00800060        0x0 ./MCAL/Timer_V2/Timer_prg.o
 .data          0x00800060        0x0 ./MCAL/DIO_V1/DIO_Prg.o
 .data          0x00800060        0x0 ./MCAL/ADC_V1/ADC_Prg.o
 .data          0x00800060        0x0 ./HAL/Motor_Driver/Motor_prg.o
 .data          0x00800060        0x0 ./HAL/LCD_Handler/LCD_Prg.o
 .data          0x00800060        0x0 ./App/main.o
 .data          0x00800060        0x0 f:/imt/embedded avr diploma/avr-ide/imt_sdk_win_64/winavr/bin/../lib/gcc/avr/4.3.3/avr5\libgcc.a(_mulsi3.o)
 .data          0x00800060        0x0 f:/imt/embedded avr diploma/avr-ide/imt_sdk_win_64/winavr/bin/../lib/gcc/avr/4.3.3/avr5\libgcc.a(_udivmodhi4.o)
 .data          0x00800060        0x0 f:/imt/embedded avr diploma/avr-ide/imt_sdk_win_64/winavr/bin/../lib/gcc/avr/4.3.3/avr5\libgcc.a(_udivmodsi4.o)
 .data          0x00800060        0x0 f:/imt/embedded avr diploma/avr-ide/imt_sdk_win_64/winavr/bin/../lib/gcc/avr/4.3.3/avr5\libgcc.a(_exit.o)
 .data          0x00800060        0x0 f:/imt/embedded avr diploma/avr-ide/imt_sdk_win_64/winavr/bin/../lib/gcc/avr/4.3.3/avr5\libgcc.a(_clear_bss.o)
 .data          0x00800060        0x0 f:/imt/embedded avr diploma/avr-ide/imt_sdk_win_64/winavr/bin/../lib/gcc/avr/4.3.3/avr5\libgcc.a(_fixunssfsi.o)
 .data          0x00800060        0x0 f:/imt/embedded avr diploma/avr-ide/imt_sdk_win_64/winavr/bin/../lib/gcc/avr/4.3.3/avr5\libgcc.a(_addsub_sf.o)
 .data          0x00800060        0x0 f:/imt/embedded avr diploma/avr-ide/imt_sdk_win_64/winavr/bin/../lib/gcc/avr/4.3.3/avr5\libgcc.a(_mul_sf.o)
 .data          0x00800060        0x0 f:/imt/embedded avr diploma/avr-ide/imt_sdk_win_64/winavr/bin/../lib/gcc/avr/4.3.3/avr5\libgcc.a(_div_sf.o)
 .data          0x00800060        0x0 f:/imt/embedded avr diploma/avr-ide/imt_sdk_win_64/winavr/bin/../lib/gcc/avr/4.3.3/avr5\libgcc.a(_gt_sf.o)
 .data          0x00800060        0x0 f:/imt/embedded avr diploma/avr-ide/imt_sdk_win_64/winavr/bin/../lib/gcc/avr/4.3.3/avr5\libgcc.a(_ge_sf.o)
 .data          0x00800060        0x0 f:/imt/embedded avr diploma/avr-ide/imt_sdk_win_64/winavr/bin/../lib/gcc/avr/4.3.3/avr5\libgcc.a(_lt_sf.o)
 .data          0x00800060        0x0 f:/imt/embedded avr diploma/avr-ide/imt_sdk_win_64/winavr/bin/../lib/gcc/avr/4.3.3/avr5\libgcc.a(_sf_to_si.o)
 .data          0x00800060        0x8 f:/imt/embedded avr diploma/avr-ide/imt_sdk_win_64/winavr/bin/../lib/gcc/avr/4.3.3/avr5\libgcc.a(_thenan_sf.o)
                0x00800060                __thenan_sf
 .data          0x00800068        0x0 f:/imt/embedded avr diploma/avr-ide/imt_sdk_win_64/winavr/bin/../lib/gcc/avr/4.3.3/avr5\libgcc.a(_usi_to_sf.o)
 .data          0x00800068        0x0 f:/imt/embedded avr diploma/avr-ide/imt_sdk_win_64/winavr/bin/../lib/gcc/avr/4.3.3/avr5\libgcc.a(_prologue.o)
 .data          0x00800068        0x0 f:/imt/embedded avr diploma/avr-ide/imt_sdk_win_64/winavr/bin/../lib/gcc/avr/4.3.3/avr5\libgcc.a(_epilogue.o)
 .data          0x00800068        0x0 f:/imt/embedded avr diploma/avr-ide/imt_sdk_win_64/winavr/bin/../lib/gcc/avr/4.3.3/avr5\libgcc.a(_copy_data.o)
 .data          0x00800068        0x0 f:/imt/embedded avr diploma/avr-ide/imt_sdk_win_64/winavr/bin/../lib/gcc/avr/4.3.3/avr5\libgcc.a(_clzsi2.o)
 .data          0x00800068        0x0 f:/imt/embedded avr diploma/avr-ide/imt_sdk_win_64/winavr/bin/../lib/gcc/avr/4.3.3/avr5\libgcc.a(_pack_sf.o)
 .data          0x00800068        0x0 f:/imt/embedded avr diploma/avr-ide/imt_sdk_win_64/winavr/bin/../lib/gcc/avr/4.3.3/avr5\libgcc.a(_unpack_sf.o)
 .data          0x00800068        0x0 f:/imt/embedded avr diploma/avr-ide/imt_sdk_win_64/winavr/bin/../lib/gcc/avr/4.3.3/avr5\libgcc.a(_fpcmp_parts_sf.o)
 .data          0x00800068      0x100 f:/imt/embedded avr diploma/avr-ide/imt_sdk_win_64/winavr/bin/../lib/gcc/avr/4.3.3/avr5\libgcc.a(_clz.o)
                0x00800068                __clz_tab
 *(.data*)
 *(.rodata)
 *(.rodata*)
 *(.gnu.linkonce.d*)
                0x00800168                . = ALIGN (0x2)
                0x00800168                _edata = .
                0x00800168                PROVIDE (__data_end, .)

.bss            0x00800168        0x2
                0x00800168                PROVIDE (__bss_start, .)
 *(.bss)
 .bss           0x00800168        0x0 f:/imt/embedded avr diploma/avr-ide/imt_sdk_win_64/winavr/bin/../lib/gcc/avr/4.3.3/../../../../avr/lib/avr5/crtm32.o
 .bss           0x00800168        0x0 ./MCAL/Timer_V2/Timer_prg.o
 .bss           0x00800168        0x0 ./MCAL/DIO_V1/DIO_Prg.o
 .bss           0x00800168        0x0 ./MCAL/ADC_V1/ADC_Prg.o
 .bss           0x00800168        0x0 ./HAL/Motor_Driver/Motor_prg.o
 .bss           0x00800168        0x0 ./HAL/LCD_Handler/LCD_Prg.o
 .bss           0x00800168        0x0 ./App/main.o
 .bss           0x00800168        0x0 f:/imt/embedded avr diploma/avr-ide/imt_sdk_win_64/winavr/bin/../lib/gcc/avr/4.3.3/avr5\libgcc.a(_mulsi3.o)
 .bss           0x00800168        0x0 f:/imt/embedded avr diploma/avr-ide/imt_sdk_win_64/winavr/bin/../lib/gcc/avr/4.3.3/avr5\libgcc.a(_udivmodhi4.o)
 .bss           0x00800168        0x0 f:/imt/embedded avr diploma/avr-ide/imt_sdk_win_64/winavr/bin/../lib/gcc/avr/4.3.3/avr5\libgcc.a(_udivmodsi4.o)
 .bss           0x00800168        0x0 f:/imt/embedded avr diploma/avr-ide/imt_sdk_win_64/winavr/bin/../lib/gcc/avr/4.3.3/avr5\libgcc.a(_exit.o)
 .bss           0x00800168        0x0 f:/imt/embedded avr diploma/avr-ide/imt_sdk_win_64/winavr/bin/../lib/gcc/avr/4.3.3/avr5\libgcc.a(_clear_bss.o)
 .bss           0x00800168        0x0 f:/imt/embedded avr diploma/avr-ide/imt_sdk_win_64/winavr/bin/../lib/gcc/avr/4.3.3/avr5\libgcc.a(_fixunssfsi.o)
 .bss           0x00800168        0x0 f:/imt/embedded avr diploma/avr-ide/imt_sdk_win_64/winavr/bin/../lib/gcc/avr/4.3.3/avr5\libgcc.a(_addsub_sf.o)
 .bss           0x00800168        0x0 f:/imt/embedded avr diploma/avr-ide/imt_sdk_win_64/winavr/bin/../lib/gcc/avr/4.3.3/avr5\libgcc.a(_mul_sf.o)
 .bss           0x00800168        0x0 f:/imt/embedded avr diploma/avr-ide/imt_sdk_win_64/winavr/bin/../lib/gcc/avr/4.3.3/avr5\libgcc.a(_div_sf.o)
 .bss           0x00800168        0x0 f:/imt/embedded avr diploma/avr-ide/imt_sdk_win_64/winavr/bin/../lib/gcc/avr/4.3.3/avr5\libgcc.a(_gt_sf.o)
 .bss           0x00800168        0x0 f:/imt/embedded avr diploma/avr-ide/imt_sdk_win_64/winavr/bin/../lib/gcc/avr/4.3.3/avr5\libgcc.a(_ge_sf.o)
 .bss           0x00800168        0x0 f:/imt/embedded avr diploma/avr-ide/imt_sdk_win_64/winavr/bin/../lib/gcc/avr/4.3.3/avr5\libgcc.a(_lt_sf.o)
 .bss           0x00800168        0x0 f:/imt/embedded avr diploma/avr-ide/imt_sdk_win_64/winavr/bin/../lib/gcc/avr/4.3.3/avr5\libgcc.a(_sf_to_si.o)
 .bss           0x00800168        0x0 f:/imt/embedded avr diploma/avr-ide/imt_sdk_win_64/winavr/bin/../lib/gcc/avr/4.3.3/avr5\libgcc.a(_thenan_sf.o)
 .bss           0x00800168        0x0 f:/imt/embedded avr diploma/avr-ide/imt_sdk_win_64/winavr/bin/../lib/gcc/avr/4.3.3/avr5\libgcc.a(_usi_to_sf.o)
 .bss           0x00800168        0x0 f:/imt/embedded avr diploma/avr-ide/imt_sdk_win_64/winavr/bin/../lib/gcc/avr/4.3.3/avr5\libgcc.a(_prologue.o)
 .bss           0x00800168        0x0 f:/imt/embedded avr diploma/avr-ide/imt_sdk_win_64/winavr/bin/../lib/gcc/avr/4.3.3/avr5\libgcc.a(_epilogue.o)
 .bss           0x00800168        0x0 f:/imt/embedded avr diploma/avr-ide/imt_sdk_win_64/winavr/bin/../lib/gcc/avr/4.3.3/avr5\libgcc.a(_copy_data.o)
 .bss           0x00800168        0x0 f:/imt/embedded avr diploma/avr-ide/imt_sdk_win_64/winavr/bin/../lib/gcc/avr/4.3.3/avr5\libgcc.a(_clzsi2.o)
 .bss           0x00800168        0x0 f:/imt/embedded avr diploma/avr-ide/imt_sdk_win_64/winavr/bin/../lib/gcc/avr/4.3.3/avr5\libgcc.a(_pack_sf.o)
 .bss           0x00800168        0x0 f:/imt/embedded avr diploma/avr-ide/imt_sdk_win_64/winavr/bin/../lib/gcc/avr/4.3.3/avr5\libgcc.a(_unpack_sf.o)
 .bss           0x00800168        0x0 f:/imt/embedded avr diploma/avr-ide/imt_sdk_win_64/winavr/bin/../lib/gcc/avr/4.3.3/avr5\libgcc.a(_fpcmp_parts_sf.o)
 .bss           0x00800168        0x0 f:/imt/embedded avr diploma/avr-ide/imt_sdk_win_64/winavr/bin/../lib/gcc/avr/4.3.3/avr5\libgcc.a(_clz.o)
 *(.bss*)
 *(COMMON)
 COMMON         0x00800168        0x2 ./MCAL/Timer_V2/Timer_prg.o
                0x00800168                TIMER_ISR
                0x0080016a                PROVIDE (__bss_end, .)
                0x0000449c                __data_load_start = LOADADDR (.data)
                0x000045a4                __data_load_end = (__data_load_start + SIZEOF (.data))

.noinit         0x0080016a        0x0
                0x0080016a                PROVIDE (__noinit_start, .)
 *(.noinit*)
                0x0080016a                PROVIDE (__noinit_end, .)
                0x0080016a                _end = .
                0x0080016a                PROVIDE (__heap_start, .)

.eeprom         0x00810000        0x0
 *(.eeprom*)
                0x00810000                __eeprom_end = .

.fuse
 *(.fuse)
 *(.lfuse)
 *(.hfuse)
 *(.efuse)

.lock
 *(.lock*)

.signature
 *(.signature*)

.stab           0x00000000     0x3e7c
 *(.stab)
 .stab          0x00000000      0xf3c ./MCAL/Timer_V2/Timer_prg.o
 .stab          0x00000f3c      0x8a0 ./MCAL/DIO_V1/DIO_Prg.o
                                0x8ac (size before relaxing)
 .stab          0x000017dc      0x2e8 ./MCAL/ADC_V1/ADC_Prg.o
                                0x2f4 (size before relaxing)
 .stab          0x00001ac4      0x330 ./HAL/Motor_Driver/Motor_prg.o
                                0x33c (size before relaxing)
 .stab          0x00001df4     0x19d4 ./HAL/LCD_Handler/LCD_Prg.o
                               0x19e0 (size before relaxing)
 .stab          0x000037c8      0x6b4 ./App/main.o
                                0x6c0 (size before relaxing)

.stabstr        0x00000000     0x3a6b
 *(.stabstr)
 .stabstr       0x00000000     0x3a6b ./MCAL/Timer_V2/Timer_prg.o

.stab.excl
 *(.stab.excl)

.stab.exclstr
 *(.stab.exclstr)

.stab.index
 *(.stab.index)

.stab.indexstr
 *(.stab.indexstr)

.comment
 *(.comment)

.debug
 *(.debug)

.line
 *(.line)

.debug_srcinfo
 *(.debug_srcinfo)

.debug_sfnames
 *(.debug_sfnames)

.debug_aranges  0x00000000      0x1a0
 *(.debug_aranges)
 .debug_aranges
                0x00000000       0x20 f:/imt/embedded avr diploma/avr-ide/imt_sdk_win_64/winavr/bin/../lib/gcc/avr/4.3.3/avr5\libgcc.a(_fixunssfsi.o)
 .debug_aranges
                0x00000020       0x20 f:/imt/embedded avr diploma/avr-ide/imt_sdk_win_64/winavr/bin/../lib/gcc/avr/4.3.3/avr5\libgcc.a(_addsub_sf.o)
 .debug_aranges
                0x00000040       0x20 f:/imt/embedded avr diploma/avr-ide/imt_sdk_win_64/winavr/bin/../lib/gcc/avr/4.3.3/avr5\libgcc.a(_mul_sf.o)
 .debug_aranges
                0x00000060       0x20 f:/imt/embedded avr diploma/avr-ide/imt_sdk_win_64/winavr/bin/../lib/gcc/avr/4.3.3/avr5\libgcc.a(_div_sf.o)
 .debug_aranges
                0x00000080       0x20 f:/imt/embedded avr diploma/avr-ide/imt_sdk_win_64/winavr/bin/../lib/gcc/avr/4.3.3/avr5\libgcc.a(_gt_sf.o)
 .debug_aranges
                0x000000a0       0x20 f:/imt/embedded avr diploma/avr-ide/imt_sdk_win_64/winavr/bin/../lib/gcc/avr/4.3.3/avr5\libgcc.a(_ge_sf.o)
 .debug_aranges
                0x000000c0       0x20 f:/imt/embedded avr diploma/avr-ide/imt_sdk_win_64/winavr/bin/../lib/gcc/avr/4.3.3/avr5\libgcc.a(_lt_sf.o)
 .debug_aranges
                0x000000e0       0x20 f:/imt/embedded avr diploma/avr-ide/imt_sdk_win_64/winavr/bin/../lib/gcc/avr/4.3.3/avr5\libgcc.a(_sf_to_si.o)
 .debug_aranges
                0x00000100       0x20 f:/imt/embedded avr diploma/avr-ide/imt_sdk_win_64/winavr/bin/../lib/gcc/avr/4.3.3/avr5\libgcc.a(_usi_to_sf.o)
 .debug_aranges
                0x00000120       0x20 f:/imt/embedded avr diploma/avr-ide/imt_sdk_win_64/winavr/bin/../lib/gcc/avr/4.3.3/avr5\libgcc.a(_clzsi2.o)
 .debug_aranges
                0x00000140       0x20 f:/imt/embedded avr diploma/avr-ide/imt_sdk_win_64/winavr/bin/../lib/gcc/avr/4.3.3/avr5\libgcc.a(_pack_sf.o)
 .debug_aranges
                0x00000160       0x20 f:/imt/embedded avr diploma/avr-ide/imt_sdk_win_64/winavr/bin/../lib/gcc/avr/4.3.3/avr5\libgcc.a(_unpack_sf.o)
 .debug_aranges
                0x00000180       0x20 f:/imt/embedded avr diploma/avr-ide/imt_sdk_win_64/winavr/bin/../lib/gcc/avr/4.3.3/avr5\libgcc.a(_fpcmp_parts_sf.o)

.debug_pubnames
                0x00000000      0x1f2
 *(.debug_pubnames)
 .debug_pubnames
                0x00000000       0x23 f:/imt/embedded avr diploma/avr-ide/imt_sdk_win_64/winavr/bin/../lib/gcc/avr/4.3.3/avr5\libgcc.a(_fixunssfsi.o)
 .debug_pubnames
                0x00000023       0x2c f:/imt/embedded avr diploma/avr-ide/imt_sdk_win_64/winavr/bin/../lib/gcc/avr/4.3.3/avr5\libgcc.a(_addsub_sf.o)
 .debug_pubnames
                0x0000004f       0x1f f:/imt/embedded avr diploma/avr-ide/imt_sdk_win_64/winavr/bin/../lib/gcc/avr/4.3.3/avr5\libgcc.a(_mul_sf.o)
 .debug_pubnames
                0x0000006e       0x1f f:/imt/embedded avr diploma/avr-ide/imt_sdk_win_64/winavr/bin/../lib/gcc/avr/4.3.3/avr5\libgcc.a(_div_sf.o)
 .debug_pubnames
                0x0000008d       0x1e f:/imt/embedded avr diploma/avr-ide/imt_sdk_win_64/winavr/bin/../lib/gcc/avr/4.3.3/avr5\libgcc.a(_gt_sf.o)
 .debug_pubnames
                0x000000ab       0x1e f:/imt/embedded avr diploma/avr-ide/imt_sdk_win_64/winavr/bin/../lib/gcc/avr/4.3.3/avr5\libgcc.a(_ge_sf.o)
 .debug_pubnames
                0x000000c9       0x1e f:/imt/embedded avr diploma/avr-ide/imt_sdk_win_64/winavr/bin/../lib/gcc/avr/4.3.3/avr5\libgcc.a(_lt_sf.o)
 .debug_pubnames
                0x000000e7       0x20 f:/imt/embedded avr diploma/avr-ide/imt_sdk_win_64/winavr/bin/../lib/gcc/avr/4.3.3/avr5\libgcc.a(_sf_to_si.o)
 .debug_pubnames
                0x00000107       0x22 f:/imt/embedded avr diploma/avr-ide/imt_sdk_win_64/winavr/bin/../lib/gcc/avr/4.3.3/avr5\libgcc.a(_thenan_sf.o)
 .debug_pubnames
                0x00000129       0x24 f:/imt/embedded avr diploma/avr-ide/imt_sdk_win_64/winavr/bin/../lib/gcc/avr/4.3.3/avr5\libgcc.a(_usi_to_sf.o)
 .debug_pubnames
                0x0000014d       0x1f f:/imt/embedded avr diploma/avr-ide/imt_sdk_win_64/winavr/bin/../lib/gcc/avr/4.3.3/avr5\libgcc.a(_clzsi2.o)
 .debug_pubnames
                0x0000016c       0x1f f:/imt/embedded avr diploma/avr-ide/imt_sdk_win_64/winavr/bin/../lib/gcc/avr/4.3.3/avr5\libgcc.a(_pack_sf.o)
 .debug_pubnames
                0x0000018b       0x21 f:/imt/embedded avr diploma/avr-ide/imt_sdk_win_64/winavr/bin/../lib/gcc/avr/4.3.3/avr5\libgcc.a(_unpack_sf.o)
 .debug_pubnames
                0x000001ac       0x26 f:/imt/embedded avr diploma/avr-ide/imt_sdk_win_64/winavr/bin/../lib/gcc/avr/4.3.3/avr5\libgcc.a(_fpcmp_parts_sf.o)
 .debug_pubnames
                0x000001d2       0x20 f:/imt/embedded avr diploma/avr-ide/imt_sdk_win_64/winavr/bin/../lib/gcc/avr/4.3.3/avr5\libgcc.a(_clz.o)

.debug_info     0x00000000     0x240b
 *(.debug_info)
 .debug_info    0x00000000       0xb1 f:/imt/embedded avr diploma/avr-ide/imt_sdk_win_64/winavr/bin/../lib/gcc/avr/4.3.3/avr5\libgcc.a(_fixunssfsi.o)
 .debug_info    0x000000b1      0x47a f:/imt/embedded avr diploma/avr-ide/imt_sdk_win_64/winavr/bin/../lib/gcc/avr/4.3.3/avr5\libgcc.a(_addsub_sf.o)
 .debug_info    0x0000052b      0x485 f:/imt/embedded avr diploma/avr-ide/imt_sdk_win_64/winavr/bin/../lib/gcc/avr/4.3.3/avr5\libgcc.a(_mul_sf.o)
 .debug_info    0x000009b0      0x3fc f:/imt/embedded avr diploma/avr-ide/imt_sdk_win_64/winavr/bin/../lib/gcc/avr/4.3.3/avr5\libgcc.a(_div_sf.o)
 .debug_info    0x00000dac      0x27f f:/imt/embedded avr diploma/avr-ide/imt_sdk_win_64/winavr/bin/../lib/gcc/avr/4.3.3/avr5\libgcc.a(_gt_sf.o)
 .debug_info    0x0000102b      0x27f f:/imt/embedded avr diploma/avr-ide/imt_sdk_win_64/winavr/bin/../lib/gcc/avr/4.3.3/avr5\libgcc.a(_ge_sf.o)
 .debug_info    0x000012aa      0x27f f:/imt/embedded avr diploma/avr-ide/imt_sdk_win_64/winavr/bin/../lib/gcc/avr/4.3.3/avr5\libgcc.a(_lt_sf.o)
 .debug_info    0x00001529      0x2b0 f:/imt/embedded avr diploma/avr-ide/imt_sdk_win_64/winavr/bin/../lib/gcc/avr/4.3.3/avr5\libgcc.a(_sf_to_si.o)
 .debug_info    0x000017d9      0x12c f:/imt/embedded avr diploma/avr-ide/imt_sdk_win_64/winavr/bin/../lib/gcc/avr/4.3.3/avr5\libgcc.a(_thenan_sf.o)
 .debug_info    0x00001905      0x206 f:/imt/embedded avr diploma/avr-ide/imt_sdk_win_64/winavr/bin/../lib/gcc/avr/4.3.3/avr5\libgcc.a(_usi_to_sf.o)
 .debug_info    0x00001b0b      0x117 f:/imt/embedded avr diploma/avr-ide/imt_sdk_win_64/winavr/bin/../lib/gcc/avr/4.3.3/avr5\libgcc.a(_clzsi2.o)
 .debug_info    0x00001c22      0x2df f:/imt/embedded avr diploma/avr-ide/imt_sdk_win_64/winavr/bin/../lib/gcc/avr/4.3.3/avr5\libgcc.a(_pack_sf.o)
 .debug_info    0x00001f01      0x251 f:/imt/embedded avr diploma/avr-ide/imt_sdk_win_64/winavr/bin/../lib/gcc/avr/4.3.3/avr5\libgcc.a(_unpack_sf.o)
 .debug_info    0x00002152      0x210 f:/imt/embedded avr diploma/avr-ide/imt_sdk_win_64/winavr/bin/../lib/gcc/avr/4.3.3/avr5\libgcc.a(_fpcmp_parts_sf.o)
 .debug_info    0x00002362       0xa9 f:/imt/embedded avr diploma/avr-ide/imt_sdk_win_64/winavr/bin/../lib/gcc/avr/4.3.3/avr5\libgcc.a(_clz.o)
 *(.gnu.linkonce.wi.*)

.debug_abbrev   0x00000000     0x1386
 *(.debug_abbrev)
 .debug_abbrev  0x00000000       0x5d f:/imt/embedded avr diploma/avr-ide/imt_sdk_win_64/winavr/bin/../lib/gcc/avr/4.3.3/avr5\libgcc.a(_fixunssfsi.o)
 .debug_abbrev  0x0000005d      0x1ea f:/imt/embedded avr diploma/avr-ide/imt_sdk_win_64/winavr/bin/../lib/gcc/avr/4.3.3/avr5\libgcc.a(_addsub_sf.o)
 .debug_abbrev  0x00000247      0x21b f:/imt/embedded avr diploma/avr-ide/imt_sdk_win_64/winavr/bin/../lib/gcc/avr/4.3.3/avr5\libgcc.a(_mul_sf.o)
 .debug_abbrev  0x00000462      0x216 f:/imt/embedded avr diploma/avr-ide/imt_sdk_win_64/winavr/bin/../lib/gcc/avr/4.3.3/avr5\libgcc.a(_div_sf.o)
 .debug_abbrev  0x00000678      0x15a f:/imt/embedded avr diploma/avr-ide/imt_sdk_win_64/winavr/bin/../lib/gcc/avr/4.3.3/avr5\libgcc.a(_gt_sf.o)
 .debug_abbrev  0x000007d2      0x15a f:/imt/embedded avr diploma/avr-ide/imt_sdk_win_64/winavr/bin/../lib/gcc/avr/4.3.3/avr5\libgcc.a(_ge_sf.o)
 .debug_abbrev  0x0000092c      0x15a f:/imt/embedded avr diploma/avr-ide/imt_sdk_win_64/winavr/bin/../lib/gcc/avr/4.3.3/avr5\libgcc.a(_lt_sf.o)
 .debug_abbrev  0x00000a86      0x17f f:/imt/embedded avr diploma/avr-ide/imt_sdk_win_64/winavr/bin/../lib/gcc/avr/4.3.3/avr5\libgcc.a(_sf_to_si.o)
 .debug_abbrev  0x00000c05       0xad f:/imt/embedded avr diploma/avr-ide/imt_sdk_win_64/winavr/bin/../lib/gcc/avr/4.3.3/avr5\libgcc.a(_thenan_sf.o)
 .debug_abbrev  0x00000cb2      0x157 f:/imt/embedded avr diploma/avr-ide/imt_sdk_win_64/winavr/bin/../lib/gcc/avr/4.3.3/avr5\libgcc.a(_usi_to_sf.o)
 .debug_abbrev  0x00000e09       0xc4 f:/imt/embedded avr diploma/avr-ide/imt_sdk_win_64/winavr/bin/../lib/gcc/avr/4.3.3/avr5\libgcc.a(_clzsi2.o)
 .debug_abbrev  0x00000ecd      0x1c0 f:/imt/embedded avr diploma/avr-ide/imt_sdk_win_64/winavr/bin/../lib/gcc/avr/4.3.3/avr5\libgcc.a(_pack_sf.o)
 .debug_abbrev  0x0000108d      0x154 f:/imt/embedded avr diploma/avr-ide/imt_sdk_win_64/winavr/bin/../lib/gcc/avr/4.3.3/avr5\libgcc.a(_unpack_sf.o)
 .debug_abbrev  0x000011e1      0x13b f:/imt/embedded avr diploma/avr-ide/imt_sdk_win_64/winavr/bin/../lib/gcc/avr/4.3.3/avr5\libgcc.a(_fpcmp_parts_sf.o)
 .debug_abbrev  0x0000131c       0x6a f:/imt/embedded avr diploma/avr-ide/imt_sdk_win_64/winavr/bin/../lib/gcc/avr/4.3.3/avr5\libgcc.a(_clz.o)

.debug_line     0x00000000     0x11d6
 *(.debug_line)
 .debug_line    0x00000000       0xa7 f:/imt/embedded avr diploma/avr-ide/imt_sdk_win_64/winavr/bin/../lib/gcc/avr/4.3.3/avr5\libgcc.a(_fixunssfsi.o)
 .debug_line    0x000000a7      0x2af f:/imt/embedded avr diploma/avr-ide/imt_sdk_win_64/winavr/bin/../lib/gcc/avr/4.3.3/avr5\libgcc.a(_addsub_sf.o)
 .debug_line    0x00000356      0x239 f:/imt/embedded avr diploma/avr-ide/imt_sdk_win_64/winavr/bin/../lib/gcc/avr/4.3.3/avr5\libgcc.a(_mul_sf.o)
 .debug_line    0x0000058f      0x1d5 f:/imt/embedded avr diploma/avr-ide/imt_sdk_win_64/winavr/bin/../lib/gcc/avr/4.3.3/avr5\libgcc.a(_div_sf.o)
 .debug_line    0x00000764       0xd3 f:/imt/embedded avr diploma/avr-ide/imt_sdk_win_64/winavr/bin/../lib/gcc/avr/4.3.3/avr5\libgcc.a(_gt_sf.o)
 .debug_line    0x00000837       0xd3 f:/imt/embedded avr diploma/avr-ide/imt_sdk_win_64/winavr/bin/../lib/gcc/avr/4.3.3/avr5\libgcc.a(_ge_sf.o)
 .debug_line    0x0000090a       0xd3 f:/imt/embedded avr diploma/avr-ide/imt_sdk_win_64/winavr/bin/../lib/gcc/avr/4.3.3/avr5\libgcc.a(_lt_sf.o)
 .debug_line    0x000009dd      0x109 f:/imt/embedded avr diploma/avr-ide/imt_sdk_win_64/winavr/bin/../lib/gcc/avr/4.3.3/avr5\libgcc.a(_sf_to_si.o)
 .debug_line    0x00000ae6       0x90 f:/imt/embedded avr diploma/avr-ide/imt_sdk_win_64/winavr/bin/../lib/gcc/avr/4.3.3/avr5\libgcc.a(_thenan_sf.o)
 .debug_line    0x00000b76      0x133 f:/imt/embedded avr diploma/avr-ide/imt_sdk_win_64/winavr/bin/../lib/gcc/avr/4.3.3/avr5\libgcc.a(_usi_to_sf.o)
 .debug_line    0x00000ca9       0xa5 f:/imt/embedded avr diploma/avr-ide/imt_sdk_win_64/winavr/bin/../lib/gcc/avr/4.3.3/avr5\libgcc.a(_clzsi2.o)
 .debug_line    0x00000d4e      0x18a f:/imt/embedded avr diploma/avr-ide/imt_sdk_win_64/winavr/bin/../lib/gcc/avr/4.3.3/avr5\libgcc.a(_pack_sf.o)
 .debug_line    0x00000ed8      0x14b f:/imt/embedded avr diploma/avr-ide/imt_sdk_win_64/winavr/bin/../lib/gcc/avr/4.3.3/avr5\libgcc.a(_unpack_sf.o)
 .debug_line    0x00001023      0x137 f:/imt/embedded avr diploma/avr-ide/imt_sdk_win_64/winavr/bin/../lib/gcc/avr/4.3.3/avr5\libgcc.a(_fpcmp_parts_sf.o)
 .debug_line    0x0000115a       0x7c f:/imt/embedded avr diploma/avr-ide/imt_sdk_win_64/winavr/bin/../lib/gcc/avr/4.3.3/avr5\libgcc.a(_clz.o)

.debug_frame    0x00000000      0x1c0
 *(.debug_frame)
 .debug_frame   0x00000000       0x20 f:/imt/embedded avr diploma/avr-ide/imt_sdk_win_64/winavr/bin/../lib/gcc/avr/4.3.3/avr5\libgcc.a(_fixunssfsi.o)
 .debug_frame   0x00000020       0x40 f:/imt/embedded avr diploma/avr-ide/imt_sdk_win_64/winavr/bin/../lib/gcc/avr/4.3.3/avr5\libgcc.a(_addsub_sf.o)
 .debug_frame   0x00000060       0x20 f:/imt/embedded avr diploma/avr-ide/imt_sdk_win_64/winavr/bin/../lib/gcc/avr/4.3.3/avr5\libgcc.a(_mul_sf.o)
 .debug_frame   0x00000080       0x20 f:/imt/embedded avr diploma/avr-ide/imt_sdk_win_64/winavr/bin/../lib/gcc/avr/4.3.3/avr5\libgcc.a(_div_sf.o)
 .debug_frame   0x000000a0       0x20 f:/imt/embedded avr diploma/avr-ide/imt_sdk_win_64/winavr/bin/../lib/gcc/avr/4.3.3/avr5\libgcc.a(_gt_sf.o)
 .debug_frame   0x000000c0       0x20 f:/imt/embedded avr diploma/avr-ide/imt_sdk_win_64/winavr/bin/../lib/gcc/avr/4.3.3/avr5\libgcc.a(_ge_sf.o)
 .debug_frame   0x000000e0       0x20 f:/imt/embedded avr diploma/avr-ide/imt_sdk_win_64/winavr/bin/../lib/gcc/avr/4.3.3/avr5\libgcc.a(_lt_sf.o)
 .debug_frame   0x00000100       0x20 f:/imt/embedded avr diploma/avr-ide/imt_sdk_win_64/winavr/bin/../lib/gcc/avr/4.3.3/avr5\libgcc.a(_sf_to_si.o)
 .debug_frame   0x00000120       0x20 f:/imt/embedded avr diploma/avr-ide/imt_sdk_win_64/winavr/bin/../lib/gcc/avr/4.3.3/avr5\libgcc.a(_usi_to_sf.o)
 .debug_frame   0x00000140       0x20 f:/imt/embedded avr diploma/avr-ide/imt_sdk_win_64/winavr/bin/../lib/gcc/avr/4.3.3/avr5\libgcc.a(_clzsi2.o)
 .debug_frame   0x00000160       0x20 f:/imt/embedded avr diploma/avr-ide/imt_sdk_win_64/winavr/bin/../lib/gcc/avr/4.3.3/avr5\libgcc.a(_pack_sf.o)
 .debug_frame   0x00000180       0x20 f:/imt/embedded avr diploma/avr-ide/imt_sdk_win_64/winavr/bin/../lib/gcc/avr/4.3.3/avr5\libgcc.a(_unpack_sf.o)
 .debug_frame   0x000001a0       0x20 f:/imt/embedded avr diploma/avr-ide/imt_sdk_win_64/winavr/bin/../lib/gcc/avr/4.3.3/avr5\libgcc.a(_fpcmp_parts_sf.o)

.debug_str      0x00000000      0x2f6
 *(.debug_str)
 .debug_str     0x00000000       0xbf f:/imt/embedded avr diploma/avr-ide/imt_sdk_win_64/winavr/bin/../lib/gcc/avr/4.3.3/avr5\libgcc.a(_fixunssfsi.o)
                                 0xfe (size before relaxing)
 .debug_str     0x000000bf      0x14d f:/imt/embedded avr diploma/avr-ide/imt_sdk_win_64/winavr/bin/../lib/gcc/avr/4.3.3/avr5\libgcc.a(_addsub_sf.o)
                                0x206 (size before relaxing)
 .debug_str     0x0000020c       0x27 f:/imt/embedded avr diploma/avr-ide/imt_sdk_win_64/winavr/bin/../lib/gcc/avr/4.3.3/avr5\libgcc.a(_mul_sf.o)
                                0x1bf (size before relaxing)
 .debug_str     0x00000233       0x35 f:/imt/embedded avr diploma/avr-ide/imt_sdk_win_64/winavr/bin/../lib/gcc/avr/4.3.3/avr5\libgcc.a(_div_sf.o)
                                0x1c8 (size before relaxing)
 .debug_str     0x00000268        0x8 f:/imt/embedded avr diploma/avr-ide/imt_sdk_win_64/winavr/bin/../lib/gcc/avr/4.3.3/avr5\libgcc.a(_gt_sf.o)
                                0x195 (size before relaxing)
 .debug_str     0x00000270        0x8 f:/imt/embedded avr diploma/avr-ide/imt_sdk_win_64/winavr/bin/../lib/gcc/avr/4.3.3/avr5\libgcc.a(_ge_sf.o)
                                0x195 (size before relaxing)
 .debug_str     0x00000278        0x8 f:/imt/embedded avr diploma/avr-ide/imt_sdk_win_64/winavr/bin/../lib/gcc/avr/4.3.3/avr5\libgcc.a(_lt_sf.o)
                                0x195 (size before relaxing)
 .debug_str     0x00000280        0xa f:/imt/embedded avr diploma/avr-ide/imt_sdk_win_64/winavr/bin/../lib/gcc/avr/4.3.3/avr5\libgcc.a(_sf_to_si.o)
                                0x19e (size before relaxing)
 .debug_str     0x00000000      0x103 f:/imt/embedded avr diploma/avr-ide/imt_sdk_win_64/winavr/bin/../lib/gcc/avr/4.3.3/avr5\libgcc.a(_thenan_sf.o)
 .debug_str     0x0000028a       0x21 f:/imt/embedded avr diploma/avr-ide/imt_sdk_win_64/winavr/bin/../lib/gcc/avr/4.3.3/avr5\libgcc.a(_usi_to_sf.o)
                                0x177 (size before relaxing)
 .debug_str     0x000002ab       0x20 f:/imt/embedded avr diploma/avr-ide/imt_sdk_win_64/winavr/bin/../lib/gcc/avr/4.3.3/avr5\libgcc.a(_clzsi2.o)
                                0x111 (size before relaxing)
 .debug_str     0x000002cb       0x10 f:/imt/embedded avr diploma/avr-ide/imt_sdk_win_64/winavr/bin/../lib/gcc/avr/4.3.3/avr5\libgcc.a(_pack_sf.o)
                                0x19d (size before relaxing)
 .debug_str     0x000002db        0xb f:/imt/embedded avr diploma/avr-ide/imt_sdk_win_64/winavr/bin/../lib/gcc/avr/4.3.3/avr5\libgcc.a(_unpack_sf.o)
                                0x17f (size before relaxing)
 .debug_str     0x000002e6       0x10 f:/imt/embedded avr diploma/avr-ide/imt_sdk_win_64/winavr/bin/../lib/gcc/avr/4.3.3/avr5\libgcc.a(_fpcmp_parts_sf.o)
                                0x163 (size before relaxing)
 .debug_str     0x00000000       0xf4 f:/imt/embedded avr diploma/avr-ide/imt_sdk_win_64/winavr/bin/../lib/gcc/avr/4.3.3/avr5\libgcc.a(_clz.o)

.debug_loc      0x00000000      0x96e
 *(.debug_loc)
 .debug_loc     0x00000000       0x34 f:/imt/embedded avr diploma/avr-ide/imt_sdk_win_64/winavr/bin/../lib/gcc/avr/4.3.3/avr5\libgcc.a(_fixunssfsi.o)
 .debug_loc     0x00000034      0x32a f:/imt/embedded avr diploma/avr-ide/imt_sdk_win_64/winavr/bin/../lib/gcc/avr/4.3.3/avr5\libgcc.a(_addsub_sf.o)
 .debug_loc     0x0000035e      0x104 f:/imt/embedded avr diploma/avr-ide/imt_sdk_win_64/winavr/bin/../lib/gcc/avr/4.3.3/avr5\libgcc.a(_mul_sf.o)
 .debug_loc     0x00000462       0xc0 f:/imt/embedded avr diploma/avr-ide/imt_sdk_win_64/winavr/bin/../lib/gcc/avr/4.3.3/avr5\libgcc.a(_div_sf.o)
 .debug_loc     0x00000522       0x3c f:/imt/embedded avr diploma/avr-ide/imt_sdk_win_64/winavr/bin/../lib/gcc/avr/4.3.3/avr5\libgcc.a(_gt_sf.o)
 .debug_loc     0x0000055e       0x3c f:/imt/embedded avr diploma/avr-ide/imt_sdk_win_64/winavr/bin/../lib/gcc/avr/4.3.3/avr5\libgcc.a(_ge_sf.o)
 .debug_loc     0x0000059a       0x3c f:/imt/embedded avr diploma/avr-ide/imt_sdk_win_64/winavr/bin/../lib/gcc/avr/4.3.3/avr5\libgcc.a(_lt_sf.o)
 .debug_loc     0x000005d6       0x7e f:/imt/embedded avr diploma/avr-ide/imt_sdk_win_64/winavr/bin/../lib/gcc/avr/4.3.3/avr5\libgcc.a(_sf_to_si.o)
 .debug_loc     0x00000654       0x4c f:/imt/embedded avr diploma/avr-ide/imt_sdk_win_64/winavr/bin/../lib/gcc/avr/4.3.3/avr5\libgcc.a(_usi_to_sf.o)
 .debug_loc     0x000006a0       0x94 f:/imt/embedded avr diploma/avr-ide/imt_sdk_win_64/winavr/bin/../lib/gcc/avr/4.3.3/avr5\libgcc.a(_clzsi2.o)
 .debug_loc     0x00000734      0x13e f:/imt/embedded avr diploma/avr-ide/imt_sdk_win_64/winavr/bin/../lib/gcc/avr/4.3.3/avr5\libgcc.a(_pack_sf.o)
 .debug_loc     0x00000872       0xac f:/imt/embedded avr diploma/avr-ide/imt_sdk_win_64/winavr/bin/../lib/gcc/avr/4.3.3/avr5\libgcc.a(_unpack_sf.o)
 .debug_loc     0x0000091e       0x50 f:/imt/embedded avr diploma/avr-ide/imt_sdk_win_64/winavr/bin/../lib/gcc/avr/4.3.3/avr5\libgcc.a(_fpcmp_parts_sf.o)

.debug_macinfo
 *(.debug_macinfo)
OUTPUT(Wheel_Chair.elf elf32-avr)
LOAD linker stubs

.debug_ranges   0x00000000       0x50
 .debug_ranges  0x00000000       0x50 f:/imt/embedded avr diploma/avr-ide/imt_sdk_win_64/winavr/bin/../lib/gcc/avr/4.3.3/avr5\libgcc.a(_mul_sf.o)
